// Jest Snapshot v1, https://goo.gl/fbAQLP

exports[`Asteroid List Screen User navigates Asteroid List 1`] = `
<ForwardRef(SafeAreaView)
  style={
    Object {
      "alignItems": "center",
      "backgroundColor": "#ab8e00",
      "flex": 1,
      "justifyContent": "center",
    }
  }
>
  <FlatList
    data={Array []}
    disableVirtualization={false}
    extraData={
      Object {
        "asteroidData": Array [],
        "asteroidDataList": Array [],
      }
    }
    horizontal={false}
    initialNumToRender={10}
    keyExtractor={[Function]}
    maxToRenderPerBatch={10}
    numColumns={1}
    onEndReachedThreshold={2}
    removeClippedSubviews={false}
    renderItem={[Function]}
    scrollEventThrottle={50}
    updateCellsBatchingPeriod={50}
    windowSize={21}
  />
</ForwardRef(SafeAreaView)>
`;

exports[`Asteroid List Screen User navigates Asteroid List 2`] = `
<ForwardRef(SafeAreaView)
  style={
    Object {
      "alignItems": "center",
      "backgroundColor": "#ab8e00",
      "flex": 1,
      "justifyContent": "center",
    }
  }
>
  <FlatList
    data={Array []}
    disableVirtualization={false}
    extraData={
      Object {
        "asteroidData": Array [],
        "asteroidDataList": Array [],
      }
    }
    horizontal={false}
    initialNumToRender={10}
    keyExtractor={[Function]}
    maxToRenderPerBatch={10}
    numColumns={1}
    onEndReachedThreshold={2}
    removeClippedSubviews={false}
    renderItem={[Function]}
    scrollEventThrottle={50}
    updateCellsBatchingPeriod={50}
    windowSize={21}
  />
</ForwardRef(SafeAreaView)>
`;
